student@student-HP-Elite-7100-Microtower-PC:~/Desktop$ who
student  tty7         2018-01-16 15:30 (:0)
student@student-HP-Elite-7100-Microtower-PC:~/Desktop$ echo $SHELL
/bin/bash
student@student-HP-Elite-7100-Microtower-PC:~/Desktop$ date
Tue Jan 16 16:22:21 IST 2018
student@student-HP-Elite-7100-Microtower-PC:~/Desktop$ date -u
Tue Jan 16 10:52:24 UTC 2018
student@student-HP-Elite-7100-Microtower-PC:~/Desktop$ date +%a/%d/%m/%y
Tue/16/01/18
student@student-HP-Elite-7100-Microtower-PC:~/Desktop$ date +%T,%p
16:23:28,PM
student@student-HP-Elite-7100-Microtower-PC:~/Desktop$ cal -y
                            2018
      January               February               March          
Su Mo Tu We Th Fr Sa  Su Mo Tu We Th Fr Sa  Su Mo Tu We Th Fr Sa  
    1  2  3  4  5  6               1  2  3               1  2  3  
 7  8  9 10 11 12 13   4  5  6  7  8  9 10   4  5  6  7  8  9 10  
14 15 16 17 18 19 20  11 12 13 14 15 16 17  11 12 13 14 15 16 17  
21 22 23 24 25 26 27  18 19 20 21 22 23 24  18 19 20 21 22 23 24  
28 29 30 31           25 26 27 28           25 26 27 28 29 30 31  
                                                                  

       April                  May                   June          
Su Mo Tu We Th Fr Sa  Su Mo Tu We Th Fr Sa  Su Mo Tu We Th Fr Sa  
 1  2  3  4  5  6  7         1  2  3  4  5                  1  2  
 8  9 10 11 12 13 14   6  7  8  9 10 11 12   3  4  5  6  7  8  9  
15 16 17 18 19 20 21  13 14 15 16 17 18 19  10 11 12 13 14 15 16  
22 23 24 25 26 27 28  20 21 22 23 24 25 26  17 18 19 20 21 22 23  
29 30                 27 28 29 30 31        24 25 26 27 28 29 30  
                                                                  

        July                 August              September        
Su Mo Tu We Th Fr Sa  Su Mo Tu We Th Fr Sa  Su Mo Tu We Th Fr Sa  
 1  2  3  4  5  6  7            1  2  3  4                     1  
 8  9 10 11 12 13 14   5  6  7  8  9 10 11   2  3  4  5  6  7  8  
15 16 17 18 19 20 21  12 13 14 15 16 17 18   9 10 11 12 13 14 15  
22 23 24 25 26 27 28  19 20 21 22 23 24 25  16 17 18 19 20 21 22  
29 30 31              26 27 28 29 30 31     23 24 25 26 27 28 29  
                                            30                    

      October               November              December        
Su Mo Tu We Th Fr Sa  Su Mo Tu We Th Fr Sa  Su Mo Tu We Th Fr Sa  
    1  2  3  4  5  6               1  2  3                     1  
 7  8  9 10 11 12 13   4  5  6  7  8  9 10   2  3  4  5  6  7  8  
14 15 16 17 18 19 20  11 12 13 14 15 16 17   9 10 11 12 13 14 15  
21 22 23 24 25 26 27  18 19 20 21 22 23 24  16 17 18 19 20 21 22  
28 29 30 31           25 26 27 28 29 30     23 24 25 26 27 28 29  
                                            30 31                 
student@student-HP-Elite-7100-Microtower-PC:~/Desktop$ cal
    January 2018      
Su Mo Tu We Th Fr Sa  
    1  2  3  4  5  6  
 7  8  9 10 11 12 13  
14 15 16 17 18 19 20  
21 22 23 24 25 26 27  
28 29 30 31           
                      
student@student-HP-Elite-7100-Microtower-PC:~/Desktop$ cal -m october,-y 2006
    October 2006      
Su Mo Tu We Th Fr Sa  
 1  2  3  4  5  6  7  
 8  9 10 11 12 13 14  
15 16 17 18 19 20 21  
22 23 24 25 26 27 28  
29 30 31              
                      
student@student-HP-Elite-7100-Microtower-PC:~/Desktop$ cal -m february,-y 2000
   February 2000      
Su Mo Tu We Th Fr Sa  
       1  2  3  4  5  
 6  7  8  9 10 11 12  
13 14 15 16 17 18 19  
20 21 22 23 24 25 26  
27 28 29  

student@student-HP-Elite-7100-Microtower-PC:~$ cd Desktop
student@student-HP-Elite-7100-Microtower-PC:~/Desktop$ ls
cycle1.doc  stud
student@student-HP-Elite-7100-Microtower-PC:~/Desktop$ cd stud
student@student-HP-Elite-7100-Microtower-PC:~/Desktop/stud$ ls
hello  hey  marks
student@student-HP-Elite-7100-Microtower-PC:~/Desktop/stud$ cat hey
student@student-HP-Elite-7100-Microtower-PC:~/Desktop/stud$ cat hello
hey there
student@student-HP-Elite-7100-Microtower-PC:~/Desktop/stud$ cat >hey
hi there
student@student-HP-Elite-7100-Microtower-PC:~/Desktop/stud$ ls
hello  hey  marks
student@student-HP-Elite-7100-Microtower-PC:~/Desktop/stud$ cat hello hey
hey there
hi there
student@student-HP-Elite-7100-Microtower-PC:~/Desktop/stud$ rm hello
student@student-HP-Elite-7100-Microtower-PC:~/Desktop/stud$ rm hey
student@student-HP-Elite-7100-Microtower-PC:~/Desktop/stud$ clear
student@student-HP-Elite-7100-Microtower-PC:~/Desktop/stud$ ls
marks
student@student-HP-Elite-7100-Microtower-PC:~/Desktop/stud$ cd ..
student@student-HP-Elite-7100-Microtower-PC:~/Desktop$ cat >test1
hello
student@student-HP-Elite-7100-Microtower-PC:~/Desktop$ cat >test2
hey there
student@student-HP-Elite-7100-Microtower-PC:~/Desktop$ pwd
/home/student/Desktop
student@student-HP-Elite-7100-Microtower-PC:~/Desktop$ ls
cycle1.doc  stud  test1  test2
student@student-HP-Elite-7100-Microtower-PC:~/Desktop$ cd ..
student@student-HP-Elite-7100-Microtower-PC:~$ ls
addition       Documents     examples.desktop  Music     riya
addition.java  Downloads     helloworld        Pictures  Templates
Desktop        evenodd.java  helloworld.java   Public    Videos
student@student-HP-Elite-7100-Microtower-PC:~$ cd Desktop
student@student-HP-Elite-7100-Microtower-PC:~/Desktop$ pwd
/home/student/Desktop
student@student-HP-Elite-7100-Microtower-PC:~/Desktop$ ls
cycle1.doc  stud  test1  test2
student@student-HP-Elite-7100-Microtower-PC:~/Desktop$ cd stud
student@student-HP-Elite-7100-Microtower-PC:~/Desktop/stud$ cd ..
student@student-HP-Elite-7100-Microtower-PC:~/Desktop$ cd ..
student@student-HP-Elite-7100-Microtower-PC:~$ ls
addition       Documents     examples.desktop  Music     riya
addition.java  Downloads     helloworld        Pictures  Templates
Desktop        evenodd.java  helloworld.java   Public    Videos
student@student-HP-Elite-7100-Microtower-PC:~$ pwd
/home/student
student@student-HP-Elite-7100-Microtower-PC:~$ cd Desktop
student@student-HP-Elite-7100-Microtower-PC:~/Desktop$ ls
cycle1.doc  stud  test1  test2
student@student-HP-Elite-7100-Microtower-PC:~/Desktop$ cd stud
student@student-HP-Elite-7100-Microtower-PC:~/Desktop/stud$ ls
marks
student@student-HP-Elite-7100-Microtower-PC:~/Desktop/stud$  cd marks
student@student-HP-Elite-7100-Microtower-PC:~/Desktop/stud/marks$ cd ..
student@student-HP-Elite-7100-Microtower-PC:~/Desktop/stud$ cd..
cd..: command not found
student@student-HP-Elite-7100-Microtower-PC:~/Desktop/stud$ ls
marks
student@student-HP-Elite-7100-Microtower-PC:~/Desktop/stud$ cd ..
student@student-HP-Elite-7100-Microtower-PC:~/Desktop$ ls
cycle1.doc  stud  test1  test2
student@student-HP-Elite-7100-Microtower-PC:~/Desktop$ ls -l
total 16
-rw-rw-r-- 1 student student 3506 Jan 16 16:36 cycle1.doc
drwxrwxr-x 3 student student 4096 Jan 16 16:53 stud
-rw-rw-r-- 1 student student    6 Jan 16 16:54 test1
-rw-rw-r-- 1 student student   10 Jan 16 16:54 test2
student@student-HP-Elite-7100-Microtower-PC:~/Desktop$ cd stud
student@student-HP-Elite-7100-Microtower-PC:~/Desktop/stud$ ls
marks
student@student-HP-Elite-7100-Microtower-PC:~/Desktop/stud$ ls -la
total 12
drwxrwxr-x 3 student student 4096 Jan 16 16:53 .
drwxr-xr-x 3 student student 4096 Jan 16 16:54 ..
drwxrwxr-x 2 student student 4096 Jan 16 16:50 marks
student@student-HP-Elite-7100-Microtower-PC:~/Desktop/stud$ ls -l
total 4
drwxrwxr-x 2 student student 4096 Jan 16 16:50 marks
student@student-HP-Elite-7100-Microtower-PC:~/Desktop/stud$ cd
student@student-HP-Elite-7100-Microtower-PC:~$ pwd
/home/student
student@student-HP-Elite-7100-Microtower-PC:~$ ls
addition       Documents     examples.desktop  Music     riya
addition.java  Downloads     helloworld        Pictures  Templates
Desktop        evenodd.java  helloworld.java   Public    Videos
student@student-HP-Elite-7100-Microtower-PC:~$ cd Desktop
student@student-HP-Elite-7100-Microtower-PC:~/Desktop$ ls
cycle1.doc  stud  test1  test2
student@student-HP-Elite-7100-Microtower-PC:~/Desktop$ mkdir stud1/marks1
mkdir: cannot create directory ‘stud1/marks1’: No such file or directory
student@student-HP-Elite-7100-Microtower-PC:~/Desktop$ mkdir stud1
student@student-HP-Elite-7100-Microtower-PC:~/Desktop$ mkdir stud1/marks
student@student-HP-Elite-7100-Microtower-PC:~/Desktop$ cd stud1
student@student-HP-Elite-7100-Microtower-PC:~/Desktop/stud1$ ls
marks
student@student-HP-Elite-7100-Microtower-PC:~/Desktop/stud1$ cd ..
student@student-HP-Elite-7100-Microtower-PC:~/Desktop$ ls
cycle1.doc  stud  stud1  test1  test2
student@student-HP-Elite-7100-Microtower-PC:~/Desktop$ man cp
student@student-HP-Elite-7100-Microtower-PC:~/Desktop$ cd ..
student@student-HP-Elite-7100-Microtower-PC:~$ ls
addition       Documents     examples.desktop  Music     riya
addition.java  Downloads     helloworld        Pictures  Templates
Desktop        evenodd.java  helloworld.java   Public    Videos
student@student-HP-Elite-7100-Microtower-PC:~$ pwd
/home/student
student@student-HP-Elite-7100-Microtower-PC:~$ cd ..
student@student-HP-Elite-7100-Microtower-PC:/home$ man cp
student@student-HP-Elite-7100-Microtower-PC:/home$ ls
student
student@student-HP-Elite-7100-Microtower-PC:/home$ cd student
student@student-HP-Elite-7100-Microtower-PC:~$ cd Desktop
student@student-HP-Elite-7100-Microtower-PC:~/Desktop$ cat >hello
hello
student@student-HP-Elite-7100-Microtower-PC:~/Desktop$ cat >hello1
hey there
student@student-HP-Elite-7100-Microtower-PC:~/Desktop$ man cat
student@student-HP-Elite-7100-Microtower-PC:~/Desktop$ ls
cycle1.doc  hello  hello1  stud  stud1  test1  test2
student@student-HP-Elite-7100-Microtower-PC:~/Desktop$ man cp
student@student-HP-Elite-7100-Microtower-PC:~/Desktop$ cd ..
student@student-HP-Elite-7100-Microtower-PC:~$ pwd
/home/student
student@student-HP-Elite-7100-Microtower-PC:~$ cd ..
student@student-HP-Elite-7100-Microtower-PC:/home$ man cp
student@student-HP-Elite-7100-Microtower-PC:/home$ cd student
student@student-HP-Elite-7100-Microtower-PC:~$ cd Desktop
student@student-HP-Elite-7100-Microtower-PC:~/Desktop$ ls
cycle1.doc  hello  hello1  stud  stud1  test1  test2
student@student-HP-Elite-7100-Microtower-PC:~/Desktop$ rm test1
student@student-HP-Elite-7100-Microtower-PC:~/Desktop$ rm test2
student@student-HP-Elite-7100-Microtower-PC:~/Desktop$ rm hello
student@student-HP-Elite-7100-Microtower-PC:~/Desktop$ rm hello1
student@student-HP-Elite-7100-Microtower-PC:~/Desktop$ ls
cycle1.doc  stud  stud1
student@student-HP-Elite-7100-Microtower-PC:~/Desktop$ rmdir stud1/marks1
rmdir: failed to remove 'stud1/marks1': No such file or directory
student@student-HP-Elite-7100-Microtower-PC:~/Desktop$ cd stud1
student@student-HP-Elite-7100-Microtower-PC:~/Desktop/stud1$ ls
marks
student@student-HP-Elite-7100-Microtower-PC:~/Desktop/stud1$ cd ..
student@student-HP-Elite-7100-Microtower-PC:~/Desktop$ rmdir -p stud1/marks
student@student-HP-Elite-7100-Microtower-PC:~/Desktop$ ls
cycle1.doc  stud
student@student-HP-Elite-7100-Microtower-PC:~/Desktop$ cat >hello
hello
student@student-HP-Elite-7100-Microtower-PC:~/Desktop$ cat hello1
cat: hello1: No such file or directory
student@student-HP-Elite-7100-Microtower-PC:~/Desktop$ cat >hello1
hey there
student@student-HP-Elite-7100-Microtower-PC:~/Desktop$ man cp
student@student-HP-Elite-7100-Microtower-PC:~/Desktop$ man cp
student@student-HP-Elite-7100-Microtower-PC:~/Desktop$ cd stud
student@student-HP-Elite-7100-Microtower-PC:~/Desktop/stud$ ls
marks
student@student-HP-Elite-7100-Microtower-PC:~/Desktop/stud$ pwd
/home/student/Desktop/stud
student@student-HP-Elite-7100-Microtower-PC:~/Desktop/stud$ cd ..
student@student-HP-Elite-7100-Microtower-PC:~/Desktop$ cp hello,hello1 stud/marks
cp: cannot stat 'hello,hello1': No such file or directory
student@student-HP-Elite-7100-Microtower-PC:~/Desktop$ cp hello stud/marks
student@student-HP-Elite-7100-Microtower-PC:~/Desktop$ cp hello stud
student@student-HP-Elite-7100-Microtower-PC:~/Desktop$ cd stud
student@student-HP-Elite-7100-Microtower-PC:~/Desktop/stud$ ls
hello  marks
student@student-HP-Elite-7100-Microtower-PC:~/Desktop/stud$ cd marks
student@student-HP-Elite-7100-Microtower-PC:~/Desktop/stud/marks$ ls
hello
student@student-HP-Elite-7100-Microtower-PC:~/Desktop/stud/marks$ cd ..
student@student-HP-Elite-7100-Microtower-PC:~/Desktop/stud$ rm marks
rm: cannot remove 'marks': Is a directory
student@student-HP-Elite-7100-Microtower-PC:~/Desktop/stud$ cd ..
student@student-HP-Elite-7100-Microtower-PC:~/Desktop$ cd..
cd..: command not found
student@student-HP-Elite-7100-Microtower-PC:~/Desktop$ cd ..
student@student-HP-Elite-7100-Microtower-PC:~$ pwd
/home/student
student@student-HP-Elite-7100-Microtower-PC:~$ cd ..
student@student-HP-Elite-7100-Microtower-PC:/home$ cat >f1
bash: f1: Permission denied
student@student-HP-Elite-7100-Microtower-PC:/home$ cd student
student@student-HP-Elite-7100-Microtower-PC:~$ ls
addition       Documents     examples.desktop  Music     riya
addition.java  Downloads     helloworld        Pictures  Templates
Desktop        evenodd.java  helloworld.java   Public    Videos
student@student-HP-Elite-7100-Microtower-PC:~$ cd ..
student@student-HP-Elite-7100-Microtower-PC:/home$ pwd
/home
student@student-HP-Elite-7100-Microtower-PC:/home$ cd
student@student-HP-Elite-7100-Microtower-PC:~$ pwd
/home/student
student@student-HP-Elite-7100-Microtower-PC:~$ cat >f1
hello
student@student-HP-Elite-7100-Microtower-PC:~$ cat >f2
hey there
student@student-HP-Elite-7100-Microtower-PC:~$ ls
addition       Downloads         f2               Pictures   Videos
addition.java  evenodd.java      helloworld       Public
Desktop        examples.desktop  helloworld.java  riya
Documents      f1                Music            Templates
student@student-HP-Elite-7100-Microtower-PC:~$ cp f1 Desktop/stud/marks
student@student-HP-Elite-7100-Microtower-PC:~$ cd Desktop
student@student-HP-Elite-7100-Microtower-PC:~/Desktop$ cd stud
student@student-HP-Elite-7100-Microtower-PC:~/Desktop/stud$ cd marks
student@student-HP-Elite-7100-Microtower-PC:~/Desktop/stud/marks$ pwd
/home/student/Desktop/stud/marks
student@student-HP-Elite-7100-Microtower-PC:~/Desktop/stud/marks$ ls
f1  hello
student@student-HP-Elite-7100-Microtower-PC:~/Desktop/stud/marks$ rm hello
student@student-HP-Elite-7100-Microtower-PC:~/Desktop/stud/marks$ pwd
/home/student/Desktop/stud/marks
student@student-HP-Elite-7100-Microtower-PC:~/Desktop/stud/marks$ ls
f1
student@student-HP-Elite-7100-Microtower-PC:~/Desktop/stud/marks$ pwd
/home/student/Desktop/stud/marks
student@student-HP-Elite-7100-Microtower-PC:~/Desktop/stud/marks$ ls
f1
student@student-HP-Elite-7100-Microtower-PC:~/Desktop/stud/marks$ cd
student@student-HP-Elite-7100-Microtower-PC:~$ ls
addition       Downloads         f2               Pictures   Videos
addition.java  evenodd.java      helloworld       Public
Desktop        examples.desktop  helloworld.java  riya
Documents      f1                Music            Templates
student@student-HP-Elite-7100-Microtower-PC:~$ cp f2 Desktop/stud/marks
student@student-HP-Elite-7100-Microtower-PC:~$ cd Desktop
student@student-HP-Elite-7100-Microtower-PC:~/Desktop$ cd stud
student@student-HP-Elite-7100-Microtower-PC:~/Desktop/stud$ ls
hello  marks
student@student-HP-Elite-7100-Microtower-PC:~/Desktop/stud$ rm hello
student@student-HP-Elite-7100-Microtower-PC:~/Desktop/stud$ cd marks
student@student-HP-Elite-7100-Microtower-PC:~/Desktop/stud/marks$ ls
f1  f2
student@student-HP-Elite-7100-Microtower-PC:~/Desktop/stud/marks$ pwd
/home/student/Desktop/stud/marks
student@student-HP-Elite-7100-Microtower-PC:~/Desktop/stud/marks$ cd ..
student@student-HP-Elite-7100-Microtower-PC:~/Desktop/stud$ rmdir cd
rmdir: failed to remove 'cd': No such file or directory
student@student-HP-Elite-7100-Microtower-PC:~/Desktop/stud$ cd
student@student-HP-Elite-7100-Microtower-PC:~$ mkdir abc
student@student-HP-Elite-7100-Microtower-PC:~$ cd abc
student@student-HP-Elite-7100-Microtower-PC:~/abc$ mkdir xyz
student@student-HP-Elite-7100-Microtower-PC:~/abc$ cd xyz
student@student-HP-Elite-7100-Microtower-PC:~/abc/xyz$ mkdir pqr
student@student-HP-Elite-7100-Microtower-PC:~/abc/xyz$ pwd
/home/student/abc/xyz
student@student-HP-Elite-7100-Microtower-PC:~/abc/xyz$ ls
pqr
student@student-HP-Elite-7100-Microtower-PC:~/abc/xyz$ cd
student@student-HP-Elite-7100-Microtower-PC:~$ cd abc
student@student-HP-Elite-7100-Microtower-PC:~/abc$ ls
xyz
student@student-HP-Elite-7100-Microtower-PC:~/abc$ rmdir pqr
rmdir: failed to remove 'pqr': No such file or directory
student@student-HP-Elite-7100-Microtower-PC:~/abc$ ls
xyz
student@student-HP-Elite-7100-Microtower-PC:~/abc$ cd xyz
student@student-HP-Elite-7100-Microtower-PC:~/abc/xyz$ rmdir pqr
student@student-HP-Elite-7100-Microtower-PC:~/abc/xyz$ ls
student@student-HP-Elite-7100-Microtower-PC:~/abc/xyz$ pwd
/home/student/abc/xyz
student@student-HP-Elite-7100-Microtower-PC:~/abc/xyz$ ls
student@student-HP-Elite-7100-Microtower-PC:~/abc/xyz$ cd ..
student@student-HP-Elite-7100-Microtower-PC:~/abc$ rmdir xyz
student@student-HP-Elite-7100-Microtower-PC:~/abc$ cd
student@student-HP-Elite-7100-Microtower-PC:~$ cd Desktop
student@student-HP-Elite-7100-Microtower-PC:~/Desktop$ cd stud
student@student-HP-Elite-7100-Microtower-PC:~/Desktop/stud$ man rm
student@student-HP-Elite-7100-Microtower-PC:~$ cd Desktop
student@student-HP-Elite-7100-Microtower-PC:~/Desktop$ cat >test1
hey there
student@student-HP-Elite-7100-Microtower-PC:~/Desktop$ rm test1
student@student-HP-Elite-7100-Microtower-PC:~/Desktop$ ls
cycle1.doc  hello  hello1  stud
student@student-HP-Elite-7100-Microtower-PC:~/Desktop$ cd stud
student@student-HP-Elite-7100-Microtower-PC:~/Desktop/stud$ cd marks
student@student-HP-Elite-7100-Microtower-PC:~/Desktop/stud/marks$ rm f1
student@student-HP-Elite-7100-Microtower-PC:~/Desktop/stud/marks$ rm f2
student@student-HP-Elite-7100-Microtower-PC:~/Desktop/stud/marks$ ls
student@student-HP-Elite-7100-Microtower-PC:~/Desktop/stud/marks$ cd ..
student@student-HP-Elite-7100-Microtower-PC:~/Desktop/stud$ rmdir marks
student@student-HP-Elite-7100-Microtower-PC:~/Desktop/stud$ ls
student@student-HP-Elite-7100-Microtower-PC:~/Desktop/stud$ cd ..
student@student-HP-Elite-7100-Microtower-PC:~/Desktop$ ls
cycle1.doc  hello  hello1  stud
student@student-HP-Elite-7100-Microtower-PC:~/Desktop$ cd stud
student@student-HP-Elite-7100-Microtower-PC:~/Desktop/stud$ ls
student@student-HP-Elite-7100-Microtower-PC:~/Desktop/stud$ 
student@student-HP-Elite-7100-Microtower-PC:~$ cp f1 Desktop/stud
student@student-HP-Elite-7100-Microtower-PC:~$ cp f2 Desktop/stud
student@student-HP-Elite-7100-Microtower-PC:~$ cd Desktop
student@student-HP-Elite-7100-Microtower-PC:~/Desktop$ man mv
student@student-HP-Elite-7100-Microtower-PC:~/Desktop$ cat >test1
hey there
student@student-HP-Elite-7100-Microtower-PC:~/Desktop$ mv test1 test22
student@student-HP-Elite-7100-Microtower-PC:~/Desktop$ mkdir test1
student@student-HP-Elite-7100-Microtower-PC:~/Desktop$ mv test22 test1
student@student-HP-Elite-7100-Microtower-PC:~/Desktop$ pwd
/home/student/Desktop
student@student-HP-Elite-7100-Microtower-PC:~/Desktop$ ls
cycle1.doc  hello  hello1  stud  test1
student@student-HP-Elite-7100-Microtower-PC:~/Desktop$ rmdir -f test1
rmdir: invalid option -- 'f'
Try 'rmdir --help' for more information.
student@student-HP-Elite-7100-Microtower-PC:~/Desktop$ cd stud
student@student-HP-Elite-7100-Microtower-PC:~/Desktop/stud$ ls
f1  f2
student@student-HP-Elite-7100-Microtower-PC:~/Desktop/stud$ rm f1
student@student-HP-Elite-7100-Microtower-PC:~/Desktop/stud$ rm f2
student@student-HP-Elite-7100-Microtower-PC:~/Desktop/stud$ cd
student@student-HP-Elite-7100-Microtower-PC:~$ ls
abc            Documents         f1               Music     Templates
addition       Downloads         f2               Pictures  Videos
addition.java  evenodd.java      helloworld       Public
Desktop        examples.desktop  helloworld.java  riya
student@student-HP-Elite-7100-Microtower-PC:~$ mv f1 Desktop/stud
student@student-HP-Elite-7100-Microtower-PC:~$ mv f2 Desktop/stud
student@student-HP-Elite-7100-Microtower-PC:~$ cd Desktop
student@student-HP-Elite-7100-Microtower-PC:~/Desktop$ cd stud
student@student-HP-Elite-7100-Microtower-PC:~/Desktop/stud$ ls
f1  f2
student@student-HP-Elite-7100-Microtower-PC:~/Desktop/stud$ mv f1 f11
student@student-HP-Elite-7100-Microtower-PC:~/Desktop/stud$ mv f2 f22
student@student-HP-Elite-7100-Microtower-PC:~/Desktop/stud$ ls
f11  f22
student@student-HP-Elite-7100-Microtower-PC:~/Desktop/stud$ cd ..
student@student-HP-Elite-7100-Microtower-PC:~/Desktop$ rm hello
student@student-HP-Elite-7100-Microtower-PC:~/Desktop$ rm test1
rm: cannot remove 'test1': Is a directory
student@student-HP-Elite-7100-Microtower-PC:~/Desktop$ rm hello1
student@student-HP-Elite-7100-Microtower-PC:~/Desktop$ cd test1
student@student-HP-Elite-7100-Microtower-PC:~/Desktop/test1$ ls
test22
student@student-HP-Elite-7100-Microtower-PC:~/Desktop/test1$ rm test22
student@student-HP-Elite-7100-Microtower-PC:~/Desktop/test1$ cd ..
student@student-HP-Elite-7100-Microtower-PC:~/Desktop$ rmdir test1
student@student-HP-Elite-7100-Microtower-PC:~/Desktop$ cd stud
student@student-HP-Elite-7100-Microtower-PC:~/Desktop/stud$ ls


     
